<testsuite errors="0" failures="0" name="Django Project Tests" skips="0" tests="3" time="0.062"><testcase classname="econplayground.main.tests.test_models.BasicModelTest" name="test_dummy" time="0.000024" /><testcase classname="econplayground.main.tests.test_views.BasicTest" name="test_root" time="0.050054" /><testcase classname="econplayground.main.tests.test_views.BasicTest" name="test_smoketest" time="0.009509" /></testsuite>